// Jest Snapshot v1, https://goo.gl/fbAQLP

exports[`path-planning payload snapshot parity payload carries the tagged sections the prompt input spec declares 1`] = `
"原始学习目标：零基础想学 Python 数据分析，用于财务工作
学习主题：零基础想学 Python 数据分析，用于财务工作
目标水平：beginner

学习重点：没做过项目
可用时间：每周 5 小时
总学习周期（周）：8

用户确认的方案轮廓：
- 学习方向：面向财务的数据分析入门
- 首个产出：一份财报数据分析
- 关键阶段：表格基础、Python 数据处理、财报实战
- 暂不纳入范围：机器学习
- 学习方式：practice-first

【重要】请基于用户确认的方案轮廓设计路径阶段，保持方向一致。




完整对话历史（用于验证关键信息）：
user: 我是做财务的

【重要】如果对某些信息不确定（如学习者身份），请查看对话历史验证。



【强制要求】以下所有生成内容必须紧密围绕"零基础想学 Python 数据分析，用于财务工作"展开：
- 路径名称必须包含"零基础想学 Python 数据分析，用于财务工作"的核心主题关键词（提取 2-6 字即可），不得使用通用模板名称
- 每个里程碑的标题必须体现"零基础想学 Python 数据分析，用于财务工作"的具体阶段
- 禁止使用电商、音乐 App、房价预测、鸢尾花、泰坦尼克号等通用示例，全部替换为"零基础想学 Python 数据分析，用于财务工作"相关场景

重要要求：
1. 路径名称必须是简洁主题名：核心主题/技能 + 水平词（如"Python 自动化 Excel 报表入门"），控制在 8-20 个字；名称只表达"学什么"，不要冒号加副标题、括号补充说明、"从…到…"完整过程句，也不要把用户目标原文整段搬入名称；具体场景、交付物与细节放进 summary 和 milestones
2. 如果用户水平是 beginner（零基础），路径名称必须使用"入门"、"基础"、"从零开始"等词汇，绝对不能出现"中级"、"进阶"、"高级"等词
3. 所有里程碑标题、描述、goal 都要具体化到"零基础想学 Python 数据分析，用于财务工作"场景，不要使用泛泛的通用描述

生成前自检（必须满足）：
1. 不要把里程碑写成“内容呈现/课程交互/学习路径展示/个人数据面板”这类功能分组；如果阶段标题像功能目录，必须重组为认知递进阶段。
2. 不要输出 subtasks、tasks、acceptanceCriteria、第一周计划、执行次数或作业清单；这些由后续 stage-designer 生成。
3. 如果 首个交付物是“一份财报数据分析”，第一阶段 goal 必须直接服务于它。
4. 如果没有明确的可观察结果，就把首个交付物当作早期阶段目标锚点。
5. goal 必须是用户自己可以判断“是否达成”的阶段结果，但不要下钻到 task 级验收。
6. coreConcepts 必须先表达底层认知关系，再用于绑定里程碑；如果概念名仍像功能名、页面名、模块名、栏目名或任务动作句，必须继续抽象。"
`;
