// Jest Snapshot v1, https://goo.gl/fbAQLP

exports[`teaching-turn payload snapshot parity payload contains exactly the keys the prompt input spec declares 1`] = `
{
  "classroomContext": undefined,
  "classroomEventContext": undefined,
  "controls": {
    "mode": "tutor",
  },
  "interactionProfile": null,
  "knowledge": {
    "points": [
      {
        "name": "闭包",
        "progress": 40,
        "status": "learning",
      },
    ],
  },
  "latestLearnerMessage": Any<String>,
  "learner": {
    "learningControlState": {},
    "stableProfile": {},
  },
  "promptDirectives": Any<Object>,
  "recentDialogueContext": [
    {
      "content": "闭包到底是什么？",
      "role": "user",
    },
    {
      "content": "先看词法作用域。",
      "role": "assistant",
    },
    {
      "content": "那变量为什么不会被回收？",
      "role": "user",
    },
  ],
  "scenario": {
    "interactionProfile": undefined,
    "subject": "JavaScript",
    "taskDescription": "解释闭包与变量生命周期",
    "taskProfile": {
      "cognitiveLevel": "understand",
      "coreConcept": "闭包",
      "knowledgeType": "conceptual",
    },
    "taskTitle": "理解闭包",
    "taskType": "concept-explanation",
    "topic": "闭包",
  },
  "visibleDialogueContext": [
    {
      "content": "闭包到底是什么？",
      "role": "user",
    },
    {
      "content": "先看词法作用域。",
      "role": "assistant",
    },
    {
      "content": "那变量为什么不会被回收？",
      "role": "user",
    },
  ],
}
`;
